2018-07-02 17:23:20,719 - __main__ - INFO - test test
2018-07-02 17:23:20,719 - __main__ - ERROR - test test
2018-07-02 17:23:20,719 - __main__ - WARNING - test test
2018-07-03 06:57:48,628 - __main__ - INFO - test test
2018-07-03 06:57:48,628 - __main__ - ERROR - test test
2018-07-03 06:57:48,628 - __main__ - WARNING - test test
2018-07-03 06:57:48,628 - __main__ - INFO - asdfd%aasdf
2018-07-03 06:58:28,458 - __main__ - INFO - test test
2018-07-03 06:58:28,459 - __main__ - ERROR - test test
2018-07-03 06:58:28,459 - __main__ - WARNING - test test
2018-07-03 06:58:28,459 - __main__ - INFO - asdfdaaabbb%aaasdf
